// Vitest Snapshot v1, https://vitest.dev/guide/snapshot.html

exports[`UiRadioGroup > should render correctly 1`] = `"<input id="radio-input-id" type="radio" class="radio_item" name="radio-input-name">"`;
