// Vitest Snapshot v1, https://vitest.dev/guide/snapshot.html

exports[`uiSelect > should render correctly 1`] = `
"<div class="custom_select">
  <div class="selected"><span class="text-sm">test</span>
    <div i-lucide-chevrons-up-down="" text-sm=""></div>
  </div>
  <transition-stub name="dropdown" appear="false" persisted="false" css="true">
    <div class="items"></div>
  </transition-stub>
</div>"
`;
