// Vitest Snapshot v1, https://vitest.dev/guide/snapshot.html

exports[`tests for ChartItem.vue  > should render correctly 1`] = `
"<div class="chart_container">
  <h4 class="heading-4"></h4>
  <p class="text-sm"></p>
  <div class="chart">
    <anonymous-stub></anonymous-stub>
  </div>
</div>"
`;
