// Vitest Snapshot v1, https://vitest.dev/guide/snapshot.html

exports[`tests for SettingsElements.vue > should be render correctly 1`] = `
"<div class="lang">
  <p class="text-sm" style="font-weight: 500;">Language</p>
  <language-switcher-stub></language-switcher-stub><span class="text-xs">This is the language that will be used in the dashboard.</span>
</div>
<div class="theme">
  <div class="text">
    <p class="text-sm" style="font-weight: 500;">Theme</p><span class="text-xs">Select the theme for the dashboard.</span>
  </div>
  <theme-switcher-stub></theme-switcher-stub>
</div>"
`;
