// Vitest Snapshot v1, https://vitest.dev/guide/snapshot.html

exports[`tests for AboutSection.vue > should be render correctly 1`] = `
"<section id="about" class="flex flex-col items-center py-0 px-1 gap-1 my-0 mx-auto max-w-980px max-[520px]:gap-2">
  <div class="bg-neutral-100 text-neutral-500 flex items-center gap-1 px-2.5 py-0.5 rounded-lg cursor-pointer dark:bg-neutral-700 dark:text-neutral-400 max-[520px]:mb-4 max-[520px]:justify-center"><span style="margin-right: 3px;">âœ¨</span><span class="text-default">Core: Task Boards, Real-Time Tracking</span><span i-hugeicons-arrow-right-01="" class="ease-in duration-100" style="margin-left: 0px;"></span></div>
  <h1 class="text-76px leading-tight font-semibold mb-1 text-center tracking-tighter max-[1220px]:text-68px max-[1152px]:text-64px max-[1100px]:text-62px max-[890px]:text-54px max-[680px]:!text-44px">Your path to perfection</h1>
  <p class="text-lg max-w-600px text-center text-neutral-500 dark:text-neutral-400 max-[680px]:max-w-480px max-[680px]:text-base">Jenda is a cloud-based program for efficient collaborative and individual project and task management.</p>
  <div class="flex justify-center items-center gap-4 px-0 py-4 btns">
    <ui-button-stub variant="default" size="lg" loading="false" disabled="false" loadingplacement="leading" aschild="false" as="button"></ui-button-stub>
    <ui-button-stub variant="outline" size="lg" loading="false" disabled="false" loadingplacement="leading" aschild="false" as="button"></ui-button-stub>
  </div>
</section>"
`;
