// Vitest Snapshot v1, https://vitest.dev/guide/snapshot.html

exports[`tests for UiBadge > should have content at slot 1`] = `
"<div class="badge badge-default">badge
  <!--v-if-->
</div>"
`;
