// Vitest Snapshot v1, https://vitest.dev/guide/snapshot.html

exports[`tests for UiInput > should render correctly 1`] = `"<input class="input" placeholder="jenda" type="text">"`;
