// Vitest Snapshot v1, https://vitest.dev/guide/snapshot.html

exports[`UiBadge > should have content at slot 1`] = `"<div class="text-xs _badge_cf2d58 _default_cf2d58">badge</div>"`;
