// Vitest Snapshot v1, https://vitest.dev/guide/snapshot.html

exports[`tests for WorkSpace.vue > should be render correctly 1`] = `
"<div class="flex flex-col gap-5px justify-start mb-20px"><a class="flex items-center gap-1.5 cursor-pointer text-neutral-900 justify-start w-full"><button class="btn btn-ghost h-34px w-full gap-2 shadow-none py-0 px-2 transition-all duration-200 ease" style="justify-content: space-between;">
      <!--v-if-->
      <div class="flex items-center gap-2"><svg xmlns="http://www.w3.org/2000/svg" xmlns:xlink="http://www.w3.org/1999/xlink" aria-hidden="true" role="img" class="text-17px text-neutral-900 dark:text-neutral-200" width="1em" height="1em" viewBox="0 0 16 16"></svg><span class="text-sm !fw500 text-neutral-900 dark:text-neutral-100">Boards</span></div>
      <!--v-if-->
    </button></a></div>"
`;
