// Vitest Snapshot v1, https://vitest.dev/guide/snapshot.html

exports[`tests for UserAvatar.vue > should render correctly 1`] = `"<div class="avatar text-sm">user</div>"`;
