// Vitest Snapshot v1, https://vitest.dev/guide/snapshot.html

exports[`uiInput > should render correctly 1`] = `"<input placeholder="jenda" type="text" class="text-sm input_default" autocomplete="on" value="value">"`;
