// Vitest Snapshot v1, https://vitest.dev/guide/snapshot.html

exports[`tests for UserMenu.vue > should be render correctly 1`] = `
"<div class="dropdown">
  <div class="wrapper">
    <div class="wrapper">
      <div i-lucide-ellipsis-vertical="" class="icon" text-base=""></div>
    </div>
  </div>
  <transition-stub name="dropdown" appear="false" persisted="false" css="true">
    <div class="inside" style="top: 36px; right: 0px; transform: translateX(0%);">
      <div class="text-sm header"><span class="text-sm" style="font-weight: 500;">test@gmail.com</span></div>
      <div class="content">
        <div class="item">Go to Welcome <div class="shortcut">⌘B</div>
        </div>
        <div class="item">Log out <div class="shortcut">⇧⌘Q</div>
        </div>
      </div>
    </div>
  </transition-stub>
</div>"
`;
