// Vitest Snapshot v1, https://vitest.dev/guide/snapshot.html

exports[`UiCard > should render correctly 1`] = `
"<div class="text-sm card">card<div class="user_container">
    <div>users ğŸ‘¥</div>
  </div>
</div>"
`;

exports[`uiCard > should render correctly 1`] = `
"<div class="text-sm card">card<div class="user_container">
    <div>users ğŸ‘¥</div>
  </div>
</div>"
`;
